// Jest Snapshot v1, https://goo.gl/fbAQLP

exports[`Modal Component renders 1`] = `
<DocumentFragment>
  <div
    class="modalBackdrop"
  >
    <div
      class="modalContainer"
    >
      <h3
        class="modalTitle"
      >
        park bench
      </h3>
      <img
        alt="current category"
      />
      <p>
        Lorem ipsum dolor sit amet, consectetur adipiscing elit. Nunc ultricie
      </p>
      <button
        type="button"
      >
        close this modal
      </button>
    </div>
  </div>
</DocumentFragment>
`;
